Select Components

Toggle components with enter or space.

▸ [ ] engram
    Persistent cross-session memory
  [ ] sdd
    Spec-driven development workflow
  [ ] skills
    Curated coding skill library
  [ ] context7
    Latest framework and library docs
  [ ] codegraph
    Code graph indexing and MCP wiring
  [ ] persona
    Managed agent behavior and conversation tone
  [ ] permissions
    Security-first defaults and guardrails

  Continue
  Back

j/k: navigate • space/enter: toggle • esc: back